Archive member included to satisfy reference by file (symbol)

C:/ST/STM32CubeIDE_1.11.0/STM32CubeIDE/plugins/com.st.stm32cube.ide.mcu.externaltools.gnu-tools-for-stm32.11.3.rel1.win32_1.1.100.202309141235/tools/bin/../lib/gcc/arm-none-eabi/11.3.1/../../../../arm-none-eabi/lib/thumb/v6-m/nofp\libc_nano.a(libc_a-exit.o)
                              C:/ST/STM32CubeIDE_1.11.0/STM32CubeIDE/plugins/com.st.stm32cube.ide.mcu.externaltools.gnu-tools-for-stm32.11.3.rel1.win32_1.1.100.202309141235/tools/bin/../lib/gcc/arm-none-eabi/11.3.1/../../../../arm-none-eabi/lib/thumb/v6-m/nofp/crt0.o (exit)
C:/ST/STM32CubeIDE_1.11.0/STM32CubeIDE/plugins/com.st.stm32cube.ide.mcu.externaltools.gnu-tools-for-stm32.11.3.rel1.win32_1.1.100.202309141235/tools/bin/../lib/gcc/arm-none-eabi/11.3.1/../../../../arm-none-eabi/lib/thumb/v6-m/nofp\libc_nano.a(libc_a-findfp.o)
                              C:/ST/STM32CubeIDE_1.11.0/STM32CubeIDE/plugins/com.st.stm32cube.ide.mcu.externaltools.gnu-tools-for-stm32.11.3.rel1.win32_1.1.100.202309141235/tools/bin/../lib/gcc/arm-none-eabi/11.3.1/../../../../arm-none-eabi/lib/thumb/v6-m/nofp\libc_nano.a(libc_a-exit.o) (__stdio_exit_handler)
C:/ST/STM32CubeIDE_1.11.0/STM32CubeIDE/plugins/com.st.stm32cube.ide.mcu.externaltools.gnu-tools-for-stm32.11.3.rel1.win32_1.1.100.202309141235/tools/bin/../lib/gcc/arm-none-eabi/11.3.1/../../../../arm-none-eabi/lib/thumb/v6-m/nofp\libc_nano.a(libc_a-fwalk.o)
                              C:/ST/STM32CubeIDE_1.11.0/STM32CubeIDE/plugins/com.st.stm32cube.ide.mcu.externaltools.gnu-tools-for-stm32.11.3.rel1.win32_1.1.100.202309141235/tools/bin/../lib/gcc/arm-none-eabi/11.3.1/../../../../arm-none-eabi/lib/thumb/v6-m/nofp\libc_nano.a(libc_a-findfp.o) (_fwalk_sglue)
C:/ST/STM32CubeIDE_1.11.0/STM32CubeIDE/plugins/com.st.stm32cube.ide.mcu.externaltools.gnu-tools-for-stm32.11.3.rel1.win32_1.1.100.202309141235/tools/bin/../lib/gcc/arm-none-eabi/11.3.1/../../../../arm-none-eabi/lib/thumb/v6-m/nofp\libc_nano.a(libc_a-stdio.o)
                              C:/ST/STM32CubeIDE_1.11.0/STM32CubeIDE/plugins/com.st.stm32cube.ide.mcu.externaltools.gnu-tools-for-stm32.11.3.rel1.win32_1.1.100.202309141235/tools/bin/../lib/gcc/arm-none-eabi/11.3.1/../../../../arm-none-eabi/lib/thumb/v6-m/nofp\libc_nano.a(libc_a-findfp.o) (__sread)
C:/ST/STM32CubeIDE_1.11.0/STM32CubeIDE/plugins/com.st.stm32cube.ide.mcu.externaltools.gnu-tools-for-stm32.11.3.rel1.win32_1.1.100.202309141235/tools/bin/../lib/gcc/arm-none-eabi/11.3.1/../../../../arm-none-eabi/lib/thumb/v6-m/nofp\libc_nano.a(libc_a-memset.o)
                              C:/ST/STM32CubeIDE_1.11.0/STM32CubeIDE/plugins/com.st.stm32cube.ide.mcu.externaltools.gnu-tools-for-stm32.11.3.rel1.win32_1.1.100.202309141235/tools/bin/../lib/gcc/arm-none-eabi/11.3.1/../../../../arm-none-eabi/lib/thumb/v6-m/nofp/crt0.o (memset)
C:/ST/STM32CubeIDE_1.11.0/STM32CubeIDE/plugins/com.st.stm32cube.ide.mcu.externaltools.gnu-tools-for-stm32.11.3.rel1.win32_1.1.100.202309141235/tools/bin/../lib/gcc/arm-none-eabi/11.3.1/../../../../arm-none-eabi/lib/thumb/v6-m/nofp\libc_nano.a(libc_a-gmtime_r.o)
                              ./Core/Src/Real_time_clock.o (gmtime_r)
C:/ST/STM32CubeIDE_1.11.0/STM32CubeIDE/plugins/com.st.stm32cube.ide.mcu.externaltools.gnu-tools-for-stm32.11.3.rel1.win32_1.1.100.202309141235/tools/bin/../lib/gcc/arm-none-eabi/11.3.1/../../../../arm-none-eabi/lib/thumb/v6-m/nofp\libc_nano.a(libc_a-mktime.o)
                              ./Core/Src/Real_time_clock.o (mktime)
C:/ST/STM32CubeIDE_1.11.0/STM32CubeIDE/plugins/com.st.stm32cube.ide.mcu.externaltools.gnu-tools-for-stm32.11.3.rel1.win32_1.1.100.202309141235/tools/bin/../lib/gcc/arm-none-eabi/11.3.1/../../../../arm-none-eabi/lib/thumb/v6-m/nofp\libc_nano.a(libc_a-tzcalc_limits.o)
                              C:/ST/STM32CubeIDE_1.11.0/STM32CubeIDE/plugins/com.st.stm32cube.ide.mcu.externaltools.gnu-tools-for-stm32.11.3.rel1.win32_1.1.100.202309141235/tools/bin/../lib/gcc/arm-none-eabi/11.3.1/../../../../arm-none-eabi/lib/thumb/v6-m/nofp\libc_nano.a(libc_a-mktime.o) (__tzcalc_limits)
C:/ST/STM32CubeIDE_1.11.0/STM32CubeIDE/plugins/com.st.stm32cube.ide.mcu.externaltools.gnu-tools-for-stm32.11.3.rel1.win32_1.1.100.202309141235/tools/bin/../lib/gcc/arm-none-eabi/11.3.1/../../../../arm-none-eabi/lib/thumb/v6-m/nofp\libc_nano.a(libc_a-tzlock.o)
                              C:/ST/STM32CubeIDE_1.11.0/STM32CubeIDE/plugins/com.st.stm32cube.ide.mcu.externaltools.gnu-tools-for-stm32.11.3.rel1.win32_1.1.100.202309141235/tools/bin/../lib/gcc/arm-none-eabi/11.3.1/../../../../arm-none-eabi/lib/thumb/v6-m/nofp\libc_nano.a(libc_a-mktime.o) (__tz_lock)
C:/ST/STM32CubeIDE_1.11.0/STM32CubeIDE/plugins/com.st.stm32cube.ide.mcu.externaltools.gnu-tools-for-stm32.11.3.rel1.win32_1.1.100.202309141235/tools/bin/../lib/gcc/arm-none-eabi/11.3.1/../../../../arm-none-eabi/lib/thumb/v6-m/nofp\libc_nano.a(libc_a-tzset.o)
[...]
Memory Configuration

Name             Origin             Length             Attributes
RAM              0x0000000020000000 0x0000000000002000 xrw
FLASH            0x0000000008000000 0x0000000000010000 xr
*default*        0x0000000000000000 0xffffffffffffffff

Linker script and memory map

LOAD C:/ST/STM32CubeIDE_1.11.0/STM32CubeIDE/plugins/com.st.stm32cube.ide.mcu.externaltools.gnu-tools-for-stm32.11.3.rel1.win32_1.1.100.202309141235/tools/bin/../lib/gcc/arm-none-eabi/11.3.1/thumb/v6-m/nofp/crti.o
LOAD C:/ST/STM32CubeIDE_1.11.0/STM32CubeIDE/plugins/com.st.stm32cube.ide.mcu.externaltools.gnu-tools-for-stm32.11.3.rel1.win32_1.1.100.202309141235/tools/bin/../lib/gcc/arm-none-eabi/11.3.1/thumb/v6-m/nofp/crtbegin.o
LOAD C:/ST/STM32CubeIDE_1.11.0/STM32CubeIDE/plugins/com.st.stm32cube.ide.mcu.externaltools.gnu-tools-for-stm32.11.3.rel1.win32_1.1.100.202309141235/tools/bin/../lib/gcc/arm-none-eabi/11.3.1/../../../../arm-none-eabi/lib/thumb/v6-m/nofp/crt0.o
LOAD ./CMSIS/Src/system_stm32l0xx.o
LOAD ./Core/Src/Data_exchange_with_PKM.o
LOAD ./Core/Src/Frequency_meter.o
LOAD ./Core/Src/Real_time_clock.o
LOAD ./Core/Src/Registers.o
LOAD ./Core/Src/Watchdog_timer.o
LOAD ./Core/Src/main.o
LOAD ./Core/Src/syscalls.o
LOAD ./Core/Src/sysmem.o
LOAD ./Startup/startup_stm32l053c8tx.o
START GROUP
LOAD C:/ST/STM32CubeIDE_1.11.0/STM32CubeIDE/plugins/com.st.stm32cube.ide.mcu.externaltools.gnu-tools-for-stm32.11.3.rel1.win32_1.1.100.202309141235/tools/bin/../lib/gcc/arm-none-eabi/11.3.1/../../../../arm-none-eabi/lib/thumb/v6-m/nofp\libc_nano.a
LOAD C:/ST/STM32CubeIDE_1.11.0/STM32CubeIDE/plugins/com.st.stm32cube.ide.mcu.externaltools.gnu-tools-for-stm32.11.3.rel1.win32_1.1.100.202309141235/tools/bin/../lib/gcc/arm-none-eabi/11.3.1/../../../../arm-none-eabi/lib/thumb/v6-m/nofp\libm.a
END GROUP
START GROUP
LOAD C:/ST/STM32CubeIDE_1.11.0/STM32CubeIDE/plugins/com.st.stm32cube.ide.mcu.externaltools.gnu-tools-for-stm32.11.3.rel1.win32_1.1.100.202309141235/tools/bin/../lib/gcc/arm-none-eabi/11.3.1/thumb/v6-m/nofp\libgcc.a
LOAD C:/ST/STM32CubeIDE_1.11.0/STM32CubeIDE/plugins/com.st.stm32cube.ide.mcu.externaltools.gnu-tools-for-stm32.11.3.rel1.win32_1.1.100.202309141235/tools/bin/../lib/gcc/arm-none-eabi/11.3.1/../../../../arm-none-eabi/lib/thumb/v6-m/nofp\libc_nano.a
END GROUP
START GROUP
LOAD C:/ST/STM32CubeIDE_1.11.0/STM32CubeIDE/plugins/com.st.stm32cube.ide.mcu.externaltools.gnu-tools-for-stm32.11.3.rel1.win32_1.1.100.202309141235/tools/bin/../lib/gcc/arm-none-eabi/11.3.1/thumb/v6-m/nofp\libgcc.a
LOAD C:/ST/STM32CubeIDE_1.11.0/STM32CubeIDE/plugins/com.st.stm32cube.ide.mcu.externaltools.gnu-tools-for-stm32.11.3.rel1.win32_1.1.100.202309141235/tools/bin/../lib/gcc/arm-none-eabi/11.3.1/../../../../arm-none-eabi/lib/thumb/v6-m/nofp\libc_nano.a
LOAD C:/ST/STM32CubeIDE_1.11.0/STM32CubeIDE/plugins/com.st.stm32cube.ide.mcu.externaltools.gnu-tools-for-stm32.11.3.rel1.win32_1.1.100.202309141235/tools/bin/../lib/gcc/arm-none-eabi/11.3.1/../../../../arm-none-eabi/lib/thumb/v6-m/nofp\libnosys.a
END GROUP
START GROUP
LOAD C:/ST/STM32CubeIDE_1.11.0/STM32CubeIDE/plugins/com.st.stm32cube.ide.mcu.externaltools.gnu-tools-for-stm32.11.3.rel1.win32_1.1.100.202309141235/tools/bin/../lib/gcc/arm-none-eabi/11.3.1/thumb/v6-m/nofp\libgcc.a
LOAD C:/ST/STM32CubeIDE_1.11.0/STM32CubeIDE/plugins/com.st.stm32cube.ide.mcu.externaltools.gnu-tools-for-stm32.11.3.rel1.win32_1.1.100.202309141235/tools/bin/../lib/gcc/arm-none-eabi/11.3.1/../../../../arm-none-eabi/lib/thumb/v6-m/nofp\libc_nano.a
LOAD C:/ST/STM32CubeIDE_1.11.0/STM32CubeIDE/plugins/com.st.stm32cube.ide.mcu.externaltools.gnu-tools-for-stm32.11.3.rel1.win32_1.1.100.202309141235/tools/bin/../lib/gcc/arm-none-eabi/11.3.1/../../../../arm-none-eabi/lib/thumb/v6-m/nofp\libnosys.a
END GROUP
LOAD C:/ST/STM32CubeIDE_1.11.0/STM32CubeIDE/plugins/com.st.stm32cube.ide.mcu.externaltools.gnu-tools-for-stm32.11.3.rel1.win32_1.1.100.202309141235/tools/bin/../lib/gcc/arm-none-eabi/11.3.1/thumb/v6-m/nofp/crtend.o
LOAD C:/ST/STM32CubeIDE_1.11.0/STM32CubeIDE/plugins/com.st.stm32cube.ide.mcu.externaltools.gnu-tools-for-stm32.11.3.rel1.win32_1.1.100.202309141235/tools/bin/../lib/gcc/arm-none-eabi/11.3.1/thumb/v6-m/nofp/crtn.o
                0x0000000020002000                _estack = (ORIGIN (RAM) + LENGTH (RAM))
                0x0000000000000200                _Min_Heap_Size = 0x200
                0x0000000000000400                _Min_Stack_Size = 0x400

.isr_vector     0x0000000008000000       0xc0
                0x0000000008000000                . = ALIGN (0x4)
 *(.isr_vector)
 .isr_vector    0x0000000008000000       0xc0 ./Startup/startup_stm32l053c8tx.o
                0x0000000008000000                g_pfnVectors
                0x00000000080000c0                . = ALIGN (0x4)

.text           0x00000000080000c0     0x2b0c
                0x00000000080000c0                . = ALIGN (0x4)
 *(.text)
 .text          0x00000000080000c0       0x48 C:/ST/STM32CubeIDE_1.11.0/STM32CubeIDE/plugins/com.st.stm32cube.ide.mcu.externaltools.gnu-tools-for-stm32.11.3.rel1.win32_1.1.100.202309141235/tools/bin/../lib/gcc/arm-none-eabi/11.3.1/thumb/v6-m/nofp/crtbegin.o
 .text          0x0000000008000108      0x114 C:/ST/STM32CubeIDE_1.11.0/STM32CubeIDE/plugins/com.st.stm32cube.ide.mcu.externaltools.gnu-tools-for-stm32.11.3.rel1.win32_1.1.100.202309141235/tools/bin/../lib/gcc/arm-none-eabi/11.3.1/thumb/v6-m/nofp\libgcc.a(_udivsi3.o)
                0x0000000008000108                __aeabi_uidiv
                0x0000000008000108                __udivsi3
                0x0000000008000214                __aeabi_uidivmod
 .text          0x000000000800021c        0x4 C:/ST/STM32CubeIDE_1.11.0/STM32CubeIDE/plugins/com.st.stm32cube.ide.mcu.externaltools.gnu-tools-for-stm32.11.3.rel1.win32_1.1.100.202309141235/tools/bin/../lib/gcc/arm-none-eabi/11.3.1/thumb/v6-m/nofp\libgcc.a(_dvmd_tls.o)
                0x000000000800021c                __aeabi_idiv0
                0x000000000800021c                __aeabi_ldiv0
 .text          0x0000000008000220       0x30 C:/ST/STM32CubeIDE_1.11.0/STM32CubeIDE/plugins/com.st.stm32cube.ide.mcu.externaltools.gnu-tools-for-stm32.11.3.rel1.win32_1.1.100.202309141235/tools/bin/../lib/gcc/arm-none-eabi/11.3.1/thumb/v6-m/nofp\libgcc.a(_fixunssfsi.o)
                0x0000000008000220                __fixunssfsi
                0x0000000008000220                __aeabi_f2uiz
 .text          0x0000000008000250      0x234 C:/ST/STM32CubeIDE_1.11.0/STM32CubeIDE/plugins/com.st.stm32cube.ide.mcu.externaltools.gnu-tools-for-stm32.11.3.rel1.win32_1.1.100.202309141235/tools/bin/../lib/gcc/arm-none-eabi/11.3.1/thumb/v6-m/nofp\libgcc.a(divsf3.o)
                0x0000000008000250                __aeabi_fdiv
 .text          0x0000000008000484      0x29c C:/ST/STM32CubeIDE_1.11.0/STM32CubeIDE/plugins/com.st.stm32cube.ide.mcu.externaltools.gnu-tools-for-stm32.11.3.rel1.win32_1.1.100.202309141235/tools/bin/../lib/gcc/arm-none-eabi/11.3.1/thumb/v6-m/nofp\libgcc.a(mulsf3.o)
                0x0000000008000484                __aeabi_fmul
 .text          0x0000000008000720      0x340 C:/ST/STM32CubeIDE_1.11.0/STM32CubeIDE/plugins/com.st.stm32cube.ide.mcu.externaltools.gnu-tools-for-stm32.11.3.rel1.win32_1.1.100.202309141235/tools/bin/../lib/gcc/arm-none-eabi/11.3.1/thumb/v6-m/nofp\libgcc.a(subsf3.o)
                0x0000000008000720                __aeabi_fsub
 .text          0x0000000008000a60       0x40 C:/ST/STM32CubeIDE_1.11.0/STM32CubeIDE/plugins/com.st.stm32cube.ide.mcu.externaltools.gnu-tools-for-stm32.11.3.rel1.win32_1.1.100.202309141235/tools/bin/../lib/gcc/arm-none-eabi/11.3.1/thumb/v6-m/nofp\libgcc.a(fixsfsi.o)
                0x0000000008000a60                __aeabi_f2iz
 .text          0x0000000008000aa0       0x90 C:/ST/STM32CubeIDE_1.11.0/STM32CubeIDE/plugins/com.st.stm32cube.ide.mcu.externaltools.gnu-tools-for-stm32.11.3.rel1.win32_1.1.100.202309141235/tools/bin/../lib/gcc/arm-none-eabi/11.3.1/thumb/v6-m/nofp\libgcc.a(floatunsisf.o)
                0x0000000008000aa0                __aeabi_ui2f
 .text          0x0000000008000b30      0x5dc C:/ST/STM32CubeIDE_1.11.0/STM32CubeIDE/plugins/com.st.stm32cube.ide.mcu.externaltools.gnu-tools-for-stm32.11.3.rel1.win32_1.1.100.202309141235/tools/bin/../lib/gcc/arm-none-eabi/11.3.1/thumb/v6-m/nofp\libgcc.a(divdf3.o)
                0x0000000008000b30                __aeabi_ddiv
 .text          0x000000000800110c      0x584 C:/ST/STM32CubeIDE_1.11.0/STM32CubeIDE/plugins/com.st.stm32cube.ide.mcu.externaltools.gnu-tools-for-stm32.11.3.rel1.win32_1.1.100.202309141235/tools/bin/../lib/gcc/arm-none-eabi/11.3.1/thumb/v6-m/nofp\libgcc.a(muldf3.o)
                0x000000000800110c                __aeabi_dmul
 .text          0x0000000008001690       0x60 C:/ST/STM32CubeIDE_1.11.0/STM32CubeIDE/plugins/com.st.stm32cube.ide.mcu.externaltools.gnu-tools-for-stm32.11.3.rel1.win32_1.1.100.202309141235/tools/bin/../lib/gcc/arm-none-eabi/11.3.1/thumb/v6-m/nofp\libgcc.a(floatsidf.o)
                0x0000000008001690                __aeabi_i2d
 .text          0x00000000080016f0      0x10c C:/ST/STM32CubeIDE_1.11.0/STM32CubeIDE/plugins/com.st.stm32cube.ide.mcu.externaltools.gnu-tools-for-stm32.11.3.rel1.win32_1.1.100.202309141235/tools/bin/../lib/gcc/arm-none-eabi/11.3.1/thumb/v6-m/nofp\libgcc.a(truncdfsf2.o)
                0x00000000080016f0                __aeabi_d2f
 .text          0x00000000080017fc       0x74 C:/ST/STM32CubeIDE_1.11.0/STM32CubeIDE/plugins/com.st.stm32cube.ide.mcu.externaltools.gnu-tools-for-stm32.11.3.rel1.win32_1.1.100.202309141235/tools/bin/../lib/gcc/arm-none-eabi/11.3.1/thumb/v6-m/nofp\libgcc.a(_arm_cmpsf2.o)
                0x00000000080017fc                __aeabi_cfrcmple
                0x0000000008001804                __aeabi_cfcmpeq
                0x0000000008001804                __aeabi_cfcmple
                0x0000000008001814                __aeabi_fcmpeq
                0x0000000008001820                __aeabi_fcmplt
                0x0000000008001834                __aeabi_fcmple
                0x0000000008001848                __aeabi_fcmpgt
                0x000000000800185c                __aeabi_fcmpge
 .text          0x0000000008001870       0x3c C:/ST/STM32CubeIDE_1.11.0/STM32CubeIDE/plugins/com.st.stm32cube.ide.mcu.externaltools.gnu-tools-for-stm32.11.3.rel1.win32_1.1.100.202309141235/tools/bin/../lib/gcc/arm-none-eabi/11.3.1/thumb/v6-m/nofp\libgcc.a(_clzsi2.o)
                0x0000000008001870                __clzsi2
 .text          0x00000000080018ac       0x4c C:/ST/STM32CubeIDE_1.11.0/STM32CubeIDE/plugins/com.st.stm32cube.ide.mcu.externaltools.gnu-tools-for-stm32.11.3.rel1.win32_1.1.100.202309141235/tools/bin/../lib/gcc/arm-none-eabi/11.3.1/thumb/v6-m/nofp\libgcc.a(eqsf2.o)
                0x00000000080018ac                __eqsf2
                0x00000000080018ac                __nesf2
 .text          0x00000000080018f8       0x8c C:/ST/STM32CubeIDE_1.11.0/STM32CubeIDE/plugins/com.st.stm32cube.ide.mcu.externaltools.gnu-tools-for-stm32.11.3.rel1.win32_1.1.100.202309141235/tools/bin/../lib/gcc/arm-none-eabi/11.3.1/thumb/v6-m/nofp\libgcc.a(gesf2.o)
                0x00000000080018f8                __gesf2
                0x00000000080018f8                __gtsf2
 .text          0x0000000008001984       0x88 C:/ST/STM32CubeIDE_1.11.0/STM32CubeIDE/plugins/com.st.stm32cube.ide.mcu.externaltools.gnu-tools-for-stm32.11.3.rel1.win32_1.1.100.202309141235/tools/bin/../lib/gcc/arm-none-eabi/11.3.1/thumb/v6-m/nofp\libgcc.a(lesf2.o)
                0x0000000008001984                __ltsf2
                0x0000000008001984                __lesf2
 *(.text*)
 .text.SystemInit
                0x0000000008001a0c        0xa ./CMSIS/Src/system_stm32l0xx.o
                0x0000000008001a0c                SystemInit
 *fill*         0x0000000008001a16        0x2 
 .text.__NVIC_EnableIRQ
                0x0000000008001a18       0x34 ./Core/Src/Data_exchange_with_PKM.o
 .text.__NVIC_ClearPendingIRQ
                0x0000000008001a4c       0x38 ./Core/Src/Data_exchange_with_PKM.o
 .text.__NVIC_SetPriority
                0x0000000008001a84       0xdc ./Core/Src/Data_exchange_with_PKM.o
 .text.CRC_Enable
                0x0000000008001b60       0x64 ./Core/Src/Data_exchange_with_PKM.o
                0x0000000008001b60                CRC_Enable
 .text.SPI1_Enable
                0x0000000008001bc4       0xa8 ./Core/Src/Data_exchange_with_PKM.o
 .text.Module_PKM_Enable
                0x0000000008001c6c       0x12 ./Core/Src/Data_exchange_with_PKM.o
                0x0000000008001c6c                Module_PKM_Enable
 *fill*         0x0000000008001c7e        0x2 
 .text.EXTI4_15_IRQHandler
                0x0000000008001c80       0x58 ./Core/Src/Data_exchange_with_PKM.o
                0x0000000008001c80                EXTI4_15_IRQHandler
 .text.SPI1_IRQHandler
                0x0000000008001cd8      0x23c ./Core/Src/Data_exchange_with_PKM.o
                0x0000000008001cd8                SPI1_IRQHandler
 .text.__NVIC_EnableIRQ
                0x0000000008001f14       0x34 ./Core/Src/Frequency_meter.o
 .text.__NVIC_DisableIRQ
                0x0000000008001f48       0x44 ./Core/Src/Frequency_meter.o
 .text.__NVIC_ClearPendingIRQ
                0x0000000008001f8c       0x38 ./Core/Src/Frequency_meter.o
 .text.__NVIC_SetPriority
                0x0000000008001fc4       0xdc ./Core/Src/Frequency_meter.o
 .text.HSI_Enable
                0x00000000080020a0       0x50 ./Core/Src/Frequency_meter.o
 .text.HSI_Disable
                0x00000000080020f0       0x4c ./Core/Src/Frequency_meter.o
 .text.TIM21_Enable
                0x000000000800213c       0xbc ./Core/Src/Frequency_meter.o
 .text.TIM21_Disable
                0x00000000080021f8       0x30 ./Core/Src/Frequency_meter.o
 .text.TIM21_IRQHandler
                0x0000000008002228      0x104 ./Core/Src/Frequency_meter.o
                0x0000000008002228                TIM21_IRQHandler
 .text.Measure_frequency
                0x000000000800232c       0x4c ./Core/Src/Frequency_meter.o
                0x000000000800232c                Measure_frequency
 .text.__NVIC_EnableIRQ
                0x0000000008002378       0x34 ./Core/Src/Real_time_clock.o
 .text.__NVIC_ClearPendingIRQ
                0x00000000080023ac       0x38 ./Core/Src/Real_time_clock.o
 .text.__NVIC_SetPriority
                0x00000000080023e4       0xdc ./Core/Src/Real_time_clock.o
 .text.LSI_Enable
                0x00000000080024c0       0x2c ./Core/Src/Real_time_clock.o
 .text.RTC_Init_Mode_Enter
                0x00000000080024ec       0x5c ./Core/Src/Real_time_clock.o
 .text.RTC_Init_Mode_Exit
                0x0000000008002548       0x58 ./Core/Src/Real_time_clock.o
 .text.RTC_Calibrate
                0x00000000080025a0       0x68 ./Core/Src/Real_time_clock.o
 .text.RTC_Set_WakeUp_Timer
                0x0000000008002608       0xe8 ./Core/Src/Real_time_clock.o
 .text.RTC_Set_Alarm_A
                0x00000000080026f0       0xc4 ./Core/Src/Real_time_clock.o
 .text.RTC_Set_Alarm_B
                0x00000000080027b4       0x84 ./Core/Src/Real_time_clock.o
 .text.RTC_Enable
                0x0000000008002838       0xb8 ./Core/Src/Real_time_clock.o
                0x0000000008002838                RTC_Enable
 .text.WakeUp_Handler
                0x00000000080028f0       0x84 ./Core/Src/Real_time_clock.o
 .text.Alarm_A_Handler
                0x0000000008002974       0x70 ./Core/Src/Real_time_clock.o
 .text.Alarm_B_Handler
                0x00000000080029e4       0x30 ./Core/Src/Real_time_clock.o
 .text.RTC_IRQHandler
                0x0000000008002a14       0x48 ./Core/Src/Real_time_clock.o
                0x0000000008002a14                RTC_IRQHandler
 .text.Watchdog_Enable
                0x0000000008002a5c       0x70 ./Core/Src/Watchdog_timer.o
                0x0000000008002a5c                Watchdog_Enable
 .text.Watchdog_Update
                0x0000000008002acc       0x18 ./Core/Src/Watchdog_timer.o
                0x0000000008002acc                Watchdog_Update
 .text.main     0x0000000008002ae4       0x24 ./Core/Src/main.o
                0x0000000008002ae4                main
 .text.Reset_Handler
                0x0000000008002b08       0x50 ./Startup/startup_stm32l053c8tx.o
                0x0000000008002b08                Reset_Handler
 .text.Default_Handler
                0x0000000008002b58        0x2 ./Startup/startup_stm32l053c8tx.o
                0x0000000008002b58                TSC_IRQHandler
                0x0000000008002b58                HardFault_Handler
                0x0000000008002b58                SysTick_Handler
                0x0000000008002b58                PVD_IRQHandler
                0x0000000008002b58                PendSV_Handler
                0x0000000008002b58                NMI_Handler
                0x0000000008002b58                I2C1_IRQHandler
                0x0000000008002b58                USART4_USART5_IRQHandler
                0x0000000008002b58                TIM6_DAC_IRQHandler
                0x0000000008002b58                EXTI2_3_IRQHandler
                0x0000000008002b58                I2C2_IRQHandler
                0x0000000008002b58                LCD_IRQHandler
                0x0000000008002b58                TIM3_IRQHandler
                0x0000000008002b58                RCC_IRQHandler
                0x0000000008002b58                DMA1_Channel1_IRQHandler
                0x0000000008002b58                Default_Handler
                0x0000000008002b58                TIM22_IRQHandler
                0x0000000008002b58                TIM7_IRQHandler
                0x0000000008002b58                EXTI0_1_IRQHandler
                0x0000000008002b58                USB_IRQHandler
                0x0000000008002b58                I2C3_IRQHandler
                0x0000000008002b58                SPI2_IRQHandler
                0x0000000008002b58                SVC_Handler
                0x0000000008002b58                WWDG_IRQHandler
                0x0000000008002b58                TIM2_IRQHandler
                0x0000000008002b58                DMA1_Channel2_3_IRQHandler
                0x0000000008002b58                ADC_COMP_IRQHandler
                0x0000000008002b58                USART2_IRQHandler
                0x0000000008002b58                DMA1_Channel4_7_IRQHandler
                0x0000000008002b58                USART1_IRQHandler
                0x0000000008002b58                LPTIM1_IRQHandler
 .text.memset   0x0000000008002b5a       0x10 C:/ST/STM32CubeIDE_1.11.0/STM32CubeIDE/plugins/com.st.stm32cube.ide.mcu.externaltools.gnu-tools-for-stm32.11.3.rel1.win32_1.1.100.202309141235/tools/bin/../lib/gcc/arm-none-eabi/11.3.1/../../../../arm-none-eabi/lib/thumb/v6-m/nofp\libc_nano.a(libc_a-memset.o)
                0x0000000008002b5a                memset
 *fill*         0x0000000008002b6a        0x2 
 .text.__libc_init_array
                0x0000000008002b6c       0x48 C:/ST/STM32CubeIDE_1.11.0/STM32CubeIDE/plugins/com.st.stm32cube.ide.mcu.externaltools.gnu-tools-for-stm32.11.3.rel1.win32_1.1.100.202309141235/tools/bin/../lib/gcc/arm-none-eabi/11.3.1/../../../../arm-none-eabi/lib/thumb/v6-m/nofp\libc_nano.a(libc_a-init.o)
                0x0000000008002b6c                __libc_init_array
 *(.glue_7)
 .glue_7        0x0000000008002bb4        0x0 linker stubs
 *(.glue_7t)
 .glue_7t       0x0000000008002bb4        0x0 linker stubs
 *(.eh_frame)
 .eh_frame      0x0000000008002bb4        0x0 C:/ST/STM32CubeIDE_1.11.0/STM32CubeIDE/plugins/com.st.stm32cube.ide.mcu.externaltools.gnu-tools-for-stm32.11.3.rel1.win32_1.1.100.202309141235/tools/bin/../lib/gcc/arm-none-eabi/11.3.1/thumb/v6-m/nofp/crtbegin.o
 *(.init)
 .init          0x0000000008002bb4        0x4 C:/ST/STM32CubeIDE_1.11.0/STM32CubeIDE/plugins/com.st.stm32cube.ide.mcu.externaltools.gnu-tools-for-stm32.11.3.rel1.win32_1.1.100.202309141235/tools/bin/../lib/gcc/arm-none-eabi/11.3.1/thumb/v6-m/nofp/crti.o
                0x0000000008002bb4                _init
 .init          0x0000000008002bb8        0x8 C:/ST/STM32CubeIDE_1.11.0/STM32CubeIDE/plugins/com.st.stm32cube.ide.mcu.externaltools.gnu-tools-for-stm32.11.3.rel1.win32_1.1.100.202309141235/tools/bin/../lib/gcc/arm-none-eabi/11.3.1/thumb/v6-m/nofp/crtn.o
 *(.fini)
 .fini          0x0000000008002bc0        0x4 C:/ST/STM32CubeIDE_1.11.0/STM32CubeIDE/plugins/com.st.stm32cube.ide.mcu.externaltools.gnu-tools-for-stm32.11.3.rel1.win32_1.1.100.202309141235/tools/bin/../lib/gcc/arm-none-eabi/11.3.1/thumb/v6-m/nofp/crti.o
                0x0000000008002bc0                _fini
 .fini          0x0000000008002bc4        0x8 C:/ST/STM32CubeIDE_1.11.0/STM32CubeIDE/plugins/com.st.stm32cube.ide.mcu.externaltools.gnu-tools-for-stm32.11.3.rel1.win32_1.1.100.202309141235/tools/bin/../lib/gcc/arm-none-eabi/11.3.1/thumb/v6-m/nofp/crtn.o
                0x0000000008002bcc                . = ALIGN (0x4)
                0x0000000008002bcc                _etext = .

.vfp11_veneer   0x0000000008002bcc        0x0
 .vfp11_veneer  0x0000000008002bcc        0x0 linker stubs

.v4_bx          0x0000000008002bcc        0x0
 .v4_bx         0x0000000008002bcc        0x0 linker stubs

.iplt           0x0000000008002bcc        0x0
 .iplt          0x0000000008002bcc        0x0 C:/ST/STM32CubeIDE_1.11.0/STM32CubeIDE/plugins/com.st.stm32cube.ide.mcu.externaltools.gnu-tools-for-stm32.11.3.rel1.win32_1.1.100.202309141235/tools/bin/../lib/gcc/arm-none-eabi/11.3.1/thumb/v6-m/nofp/crtbegin.o

.rodata         0x0000000008002bcc       0xc0
                0x0000000008002bcc                . = ALIGN (0x4)
 *(.rodata)
 .rodata        0x0000000008002bcc       0x80 C:/ST/STM32CubeIDE_1.11.0/STM32CubeIDE/plugins/com.st.stm32cube.ide.mcu.externaltools.gnu-tools-for-stm32.11.3.rel1.win32_1.1.100.202309141235/tools/bin/../lib/gcc/arm-none-eabi/11.3.1/thumb/v6-m/nofp\libgcc.a(divsf3.o)
 .rodata        0x0000000008002c4c       0x40 C:/ST/STM32CubeIDE_1.11.0/STM32CubeIDE/plugins/com.st.stm32cube.ide.mcu.externaltools.gnu-tools-for-stm32.11.3.rel1.win32_1.1.100.202309141235/tools/bin/../lib/gcc/arm-none-eabi/11.3.1/thumb/v6-m/nofp\libgcc.a(divdf3.o)
 *(.rodata*)
                0x0000000008002c8c                . = ALIGN (0x4)

.ARM.extab      0x0000000008002c8c        0x0
                0x0000000008002c8c                . = ALIGN (0x4)
 *(.ARM.extab* .gnu.linkonce.armextab.*)
                0x0000000008002c8c                . = ALIGN (0x4)

.ARM            0x0000000008002c8c        0x0
                0x0000000008002c8c                . = ALIGN (0x4)
                0x0000000008002c8c                __exidx_start = .
 *(.ARM.exidx*)
                0x0000000008002c8c                __exidx_end = .
                0x0000000008002c8c                . = ALIGN (0x4)

.preinit_array  0x0000000008002c8c        0x0
                0x0000000008002c8c                . = ALIGN (0x4)
                0x0000000008002c8c                PROVIDE (__preinit_array_start = .)
 *(.preinit_array*)
                0x0000000008002c8c                PROVIDE (__preinit_array_end = .)
                0x0000000008002c8c                . = ALIGN (0x4)

.init_array     0x0000000008002c8c        0x4
                0x0000000008002c8c                . = ALIGN (0x4)
                0x0000000008002c8c                PROVIDE (__init_array_start = .)
 *(SORT_BY_NAME(.init_array.*))
 *(.init_array*)
 .init_array    0x0000000008002c8c        0x4 C:/ST/STM32CubeIDE_1.11.0/STM32CubeIDE/plugins/com.st.stm32cube.ide.mcu.externaltools.gnu-tools-for-stm32.11.3.rel1.win32_1.1.100.202309141235/tools/bin/../lib/gcc/arm-none-eabi/11.3.1/thumb/v6-m/nofp/crtbegin.o
                0x0000000008002c90                PROVIDE (__init_array_end = .)
                0x0000000008002c90                . = ALIGN (0x4)

.fini_array     0x0000000008002c90        0x4
                0x0000000008002c90                . = ALIGN (0x4)
                [!provide]                        PROVIDE (__fini_array_start = .)
 *(SORT_BY_NAME(.fini_array.*))
 *(.fini_array*)
 .fini_array    0x0000000008002c90        0x4 C:/ST/STM32CubeIDE_1.11.0/STM32CubeIDE/plugins/com.st.stm32cube.ide.mcu.externaltools.gnu-tools-for-stm32.11.3.rel1.win32_1.1.100.202309141235/tools/bin/../lib/gcc/arm-none-eabi/11.3.1/thumb/v6-m/nofp/crtbegin.o
                [!provide]                        PROVIDE (__fini_array_end = .)
                0x0000000008002c94                . = ALIGN (0x4)
                0x0000000008002c94                _sidata = LOADADDR (.data)

.rel.dyn        0x0000000008002c94        0x0
 .rel.iplt      0x0000000008002c94        0x0 C:/ST/STM32CubeIDE_1.11.0/STM32CubeIDE/plugins/com.st.stm32cube.ide.mcu.externaltools.gnu-tools-for-stm32.11.3.rel1.win32_1.1.100.202309141235/tools/bin/../lib/gcc/arm-none-eabi/11.3.1/thumb/v6-m/nofp/crtbegin.o

.data           0x0000000020000000       0x3c load address 0x0000000008002c94
                0x0000000020000000                . = ALIGN (0x4)
                0x0000000020000000                _sdata = .
 *(.data)
 *(.data*)
 .data.RTC_Frequence
                0x0000000020000000        0x4 ./Core/Src/Real_time_clock.o
                0x0000000020000000                RTC_Frequence
 .data.registers
                0x0000000020000004       0x32 ./Core/Src/Registers.o
                0x0000000020000004                registers
 *fill*         0x0000000020000036        0x2 
 .data.regs     0x0000000020000038        0x4 ./Core/Src/Registers.o
                0x0000000020000038                regs
 *(.RamFunc)
 *(.RamFunc*)
                0x000000002000003c                . = ALIGN (0x4)
                0x000000002000003c                _edata = .

.igot.plt       0x000000002000003c        0x0 load address 0x0000000008002cd0
 .igot.plt      0x000000002000003c        0x0 C:/ST/STM32CubeIDE_1.11.0/STM32CubeIDE/plugins/com.st.stm32cube.ide.mcu.externaltools.gnu-tools-for-stm32.11.3.rel1.win32_1.1.100.202309141235/tools/bin/../lib/gcc/arm-none-eabi/11.3.1/thumb/v6-m/nofp/crtbegin.o
                0x000000002000003c                . = ALIGN (0x4)

.bss            0x000000002000003c       0x7c load address 0x0000000008002cd0
                0x000000002000003c                _sbss = .
                0x000000002000003c                __bss_start__ = _sbss
 *(.bss)
 .bss           0x000000002000003c       0x1c C:/ST/STM32CubeIDE_1.11.0/STM32CubeIDE/plugins/com.st.stm32cube.ide.mcu.externaltools.gnu-tools-for-stm32.11.3.rel1.win32_1.1.100.202309141235/tools/bin/../lib/gcc/arm-none-eabi/11.3.1/thumb/v6-m/nofp/crtbegin.o
 *(.bss*)
 .bss.rx        0x0000000020000058       0x42 ./Core/Src/Data_exchange_with_PKM.o
                0x0000000020000058                rx
 *fill*         0x000000002000009a        0x2 
 .bss.Time_Data
                0x000000002000009c       0x1c ./Core/Src/Frequency_meter.o
                0x000000002000009c                Time_Data
 *(COMMON)
                0x00000000200000b8                . = ALIGN (0x4)
                0x00000000200000b8                _ebss = .
                0x00000000200000b8                __bss_end__ = _ebss

._user_heap_stack
                0x00000000200000b8      0x600 load address 0x0000000008002cd0
                0x00000000200000b8                . = ALIGN (0x8)
                [!provide]                        PROVIDE (end = .)
                0x00000000200000b8                PROVIDE (_end = .)
                0x00000000200002b8                . = (. + _Min_Heap_Size)
 *fill*         0x00000000200000b8      0x200 
                0x00000000200006b8                . = (. + _Min_Stack_Size)
 *fill*         0x00000000200002b8      0x400 
                0x00000000200006b8                . = ALIGN (0x8)

/DISCARD/
 libc.a(*)
 libm.a(*)
 libgcc.a(*)

.ARM.attributes
                0x0000000000000000       0x28
 *(.ARM.attributes)
 .ARM.attributes
                0x0000000000000000       0x1e C:/ST/STM32CubeIDE_1.11.0/STM32CubeIDE/plugins/com.st.stm32cube.ide.mcu.externaltools.gnu-tools-for-stm32.11.3.rel1.win32_1.1.100.202309141235/tools/bin/../lib/gcc/arm-none-eabi/11.3.1/thumb/v6-m/nofp/crti.o
 .ARM.attributes
                0x000000000000001e       0x2c C:/ST/STM32CubeIDE_1.11.0/STM32CubeIDE/plugins/com.st.stm32cube.ide.mcu.externaltools.gnu-tools-for-stm32.11.3.rel1.win32_1.1.100.202309141235/tools/bin/../lib/gcc/arm-none-eabi/11.3.1/thumb/v6-m/nofp/crtbegin.o
 .ARM.attributes
                0x000000000000004a       0x2c ./CMSIS/Src/system_stm32l0xx.o
 .ARM.attributes
                0x0000000000000076       0x2c ./Core/Src/Data_exchange_with_PKM.o
 .ARM.attributes
                0x00000000000000a2       0x2c ./Core/Src/Frequency_meter.o
 .ARM.attributes
                0x00000000000000ce       0x2c ./Core/Src/Real_time_clock.o
 .ARM.attributes
                0x00000000000000fa       0x2c ./Core/Src/Registers.o
 .ARM.attributes
                0x0000000000000126       0x2c ./Core/Src/Watchdog_timer.o
 .ARM.attributes
                0x0000000000000152       0x2c ./Core/Src/main.o
 .ARM.attributes
                0x000000000000017e       0x22 ./Startup/startup_stm32l053c8tx.o
 .ARM.attributes
                0x00000000000001a0       0x2c C:/ST/STM32CubeIDE_1.11.0/STM32CubeIDE/plugins/com.st.stm32cube.ide.mcu.externaltools.gnu-tools-for-stm32.11.3.rel1.win32_1.1.100.202309141235/tools/bin/../lib/gcc/arm-none-eabi/11.3.1/../../../../arm-none-eabi/lib/thumb/v6-m/nofp\libc_nano.a(libc_a-memset.o)
 .ARM.attributes
                0x00000000000001cc       0x2c C:/ST/STM32CubeIDE_1.11.0/STM32CubeIDE/plugins/com.st.stm32cube.ide.mcu.externaltools.gnu-tools-for-stm32.11.3.rel1.win32_1.1.100.202309141235/tools/bin/../lib/gcc/arm-none-eabi/11.3.1/../../../../arm-none-eabi/lib/thumb/v6-m/nofp\libc_nano.a(libc_a-init.o)
 .ARM.attributes
                0x00000000000001f8       0x1e C:/ST/STM32CubeIDE_1.11.0/STM32CubeIDE/plugins/com.st.stm32cube.ide.mcu.externaltools.gnu-tools-for-stm32.11.3.rel1.win32_1.1.100.202309141235/tools/bin/../lib/gcc/arm-none-eabi/11.3.1/thumb/v6-m/nofp\libgcc.a(_udivsi3.o)
 .ARM.attributes
                0x0000000000000216       0x1e C:/ST/STM32CubeIDE_1.11.0/STM32CubeIDE/plugins/com.st.stm32cube.ide.mcu.externaltools.gnu-tools-for-stm32.11.3.rel1.win32_1.1.100.202309141235/tools/bin/../lib/gcc/arm-none-eabi/11.3.1/thumb/v6-m/nofp\libgcc.a(_dvmd_tls.o)
 .ARM.attributes
                0x0000000000000234       0x2c C:/ST/STM32CubeIDE_1.11.0/STM32CubeIDE/plugins/com.st.stm32cube.ide.mcu.externaltools.gnu-tools-for-stm32.11.3.rel1.win32_1.1.100.202309141235/tools/bin/../lib/gcc/arm-none-eabi/11.3.1/thumb/v6-m/nofp\libgcc.a(_fixunssfsi.o)
 .ARM.attributes
                0x0000000000000260       0x2c C:/ST/STM32CubeIDE_1.11.0/STM32CubeIDE/plugins/com.st.stm32cube.ide.mcu.externaltools.gnu-tools-for-stm32.11.3.rel1.win32_1.1.100.202309141235/tools/bin/../lib/gcc/arm-none-eabi/11.3.1/thumb/v6-m/nofp\libgcc.a(divsf3.o)
 .ARM.attributes
                0x000000000000028c       0x2c C:/ST/STM32CubeIDE_1.11.0/STM32CubeIDE/plugins/com.st.stm32cube.ide.mcu.externaltools.gnu-tools-for-stm32.11.3.rel1.win32_1.1.100.202309141235/tools/bin/../lib/gcc/arm-none-eabi/11.3.1/thumb/v6-m/nofp\libgcc.a(mulsf3.o)
 .ARM.attributes
                0x00000000000002b8       0x2c C:/ST/STM32CubeIDE_1.11.0/STM32CubeIDE/plugins/com.st.stm32cube.ide.mcu.externaltools.gnu-tools-for-stm32.11.3.rel1.win32_1.1.100.202309141235/tools/bin/../lib/gcc/arm-none-eabi/11.3.1/thumb/v6-m/nofp\libgcc.a(subsf3.o)
 .ARM.attributes
                0x00000000000002e4       0x2c C:/ST/STM32CubeIDE_1.11.0/STM32CubeIDE/plugins/com.st.stm32cube.ide.mcu.externaltools.gnu-tools-for-stm32.11.3.rel1.win32_1.1.100.202309141235/tools/bin/../lib/gcc/arm-none-eabi/11.3.1/thumb/v6-m/nofp\libgcc.a(fixsfsi.o)
 .ARM.attributes
                0x0000000000000310       0x2c C:/ST/STM32CubeIDE_1.11.0/STM32CubeIDE/plugins/com.st.stm32cube.ide.mcu.externaltools.gnu-tools-for-stm32.11.3.rel1.win32_1.1.100.202309141235/tools/bin/../lib/gcc/arm-none-eabi/11.3.1/thumb/v6-m/nofp\libgcc.a(floatunsisf.o)
 .ARM.attributes
                0x000000000000033c       0x2c C:/ST/STM32CubeIDE_1.11.0/STM32CubeIDE/plugins/com.st.stm32cube.ide.mcu.externaltools.gnu-tools-for-stm32.11.3.rel1.win32_1.1.100.202309141235/tools/bin/../lib/gcc/arm-none-eabi/11.3.1/thumb/v6-m/nofp\libgcc.a(divdf3.o)
 .ARM.attributes
                0x0000000000000368       0x2c C:/ST/STM32CubeIDE_1.11.0/STM32CubeIDE/plugins/com.st.stm32cube.ide.mcu.externaltools.gnu-tools-for-stm32.11.3.rel1.win32_1.1.100.202309141235/tools/bin/../lib/gcc/arm-none-eabi/11.3.1/thumb/v6-m/nofp\libgcc.a(muldf3.o)
 .ARM.attributes
                0x0000000000000394       0x2c C:/ST/STM32CubeIDE_1.11.0/STM32CubeIDE/plugins/com.st.stm32cube.ide.mcu.externaltools.gnu-tools-for-stm32.11.3.rel1.win32_1.1.100.202309141235/tools/bin/../lib/gcc/arm-none-eabi/11.3.1/thumb/v6-m/nofp\libgcc.a(floatsidf.o)
 .ARM.attributes
                0x00000000000003c0       0x2c C:/ST/STM32CubeIDE_1.11.0/STM32CubeIDE/plugins/com.st.stm32cube.ide.mcu.externaltools.gnu-tools-for-stm32.11.3.rel1.win32_1.1.100.202309141235/tools/bin/../lib/gcc/arm-none-eabi/11.3.1/thumb/v6-m/nofp\libgcc.a(truncdfsf2.o)
 .ARM.attributes
                0x00000000000003ec       0x1e C:/ST/STM32CubeIDE_1.11.0/STM32CubeIDE/plugins/com.st.stm32cube.ide.mcu.externaltools.gnu-tools-for-stm32.11.3.rel1.win32_1.1.100.202309141235/tools/bin/../lib/gcc/arm-none-eabi/11.3.1/thumb/v6-m/nofp\libgcc.a(_arm_cmpsf2.o)
 .ARM.attributes
                0x000000000000040a       0x1e C:/ST/STM32CubeIDE_1.11.0/STM32CubeIDE/plugins/com.st.stm32cube.ide.mcu.externaltools.gnu-tools-for-stm32.11.3.rel1.win32_1.1.100.202309141235/tools/bin/../lib/gcc/arm-none-eabi/11.3.1/thumb/v6-m/nofp\libgcc.a(_clzsi2.o)
 .ARM.attributes
                0x0000000000000428       0x2c C:/ST/STM32CubeIDE_1.11.0/STM32CubeIDE/plugins/com.st.stm32cube.ide.mcu.externaltools.gnu-tools-for-stm32.11.3.rel1.win32_1.1.100.202309141235/tools/bin/../lib/gcc/arm-none-eabi/11.3.1/thumb/v6-m/nofp\libgcc.a(eqsf2.o)
 .ARM.attributes
                0x0000000000000454       0x2c C:/ST/STM32CubeIDE_1.11.0/STM32CubeIDE/plugins/com.st.stm32cube.ide.mcu.externaltools.gnu-tools-for-stm32.11.3.rel1.win32_1.1.100.202309141235/tools/bin/../lib/gcc/arm-none-eabi/11.3.1/thumb/v6-m/nofp\libgcc.a(gesf2.o)
 .ARM.attributes
                0x0000000000000480       0x2c C:/ST/STM32CubeIDE_1.11.0/STM32CubeIDE/plugins/com.st.stm32cube.ide.mcu.externaltools.gnu-tools-for-stm32.11.3.rel1.win32_1.1.100.202309141235/tools/bin/../lib/gcc/arm-none-eabi/11.3.1/thumb/v6-m/nofp\libgcc.a(lesf2.o)
 .ARM.attributes
                0x00000000000004ac       0x1e C:/ST/STM32CubeIDE_1.11.0/STM32CubeIDE/plugins/com.st.stm32cube.ide.mcu.externaltools.gnu-tools-for-stm32.11.3.rel1.win32_1.1.100.202309141235/tools/bin/../lib/gcc/arm-none-eabi/11.3.1/thumb/v6-m/nofp/crtn.o
OUTPUT(Current-Measurement-Module.elf elf32-littlearm)
LOAD linker stubs
LOAD C:/ST/STM32CubeIDE_1.11.0/STM32CubeIDE/plugins/com.st.stm32cube.ide.mcu.externaltools.gnu-tools-for-stm32.11.3.rel1.win32_1.1.100.202309141235/tools/bin/../lib/gcc/arm-none-eabi/11.3.1/../../../../arm-none-eabi/lib/thumb/v6-m/nofp\libc.a
LOAD C:/ST/STM32CubeIDE_1.11.0/STM32CubeIDE/plugins/com.st.stm32cube.ide.mcu.externaltools.gnu-tools-for-stm32.11.3.rel1.win32_1.1.100.202309141235/tools/bin/../lib/gcc/arm-none-eabi/11.3.1/../../../../arm-none-eabi/lib/thumb/v6-m/nofp\libm.a
LOAD C:/ST/STM32CubeIDE_1.11.0/STM32CubeIDE/plugins/com.st.stm32cube.ide.mcu.externaltools.gnu-tools-for-stm32.11.3.rel1.win32_1.1.100.202309141235/tools/bin/../lib/gcc/arm-none-eabi/11.3.1/thumb/v6-m/nofp\libgcc.a

.comment        0x0000000000000000       0x43
 .comment       0x0000000000000000       0x43 C:/ST/STM32CubeIDE_1.11.0/STM32CubeIDE/plugins/com.st.stm32cube.ide.mcu.externaltools.gnu-tools-for-stm32.11.3.rel1.win32_1.1.100.202309141235/tools/bin/../lib/gcc/arm-none-eabi/11.3.1/thumb/v6-m/nofp/crtbegin.o
                                         0x44 (size before relaxing)
 .comment       0x0000000000000043       0x44 ./CMSIS/Src/system_stm32l0xx.o
 .comment       0x0000000000000043       0x44 ./Core/Src/Data_exchange_with_PKM.o
 .comment       0x0000000000000043       0x44 ./Core/Src/Frequency_meter.o
 .comment       0x0000000000000043       0x44 ./Core/Src/Real_time_clock.o
 .comment       0x0000000000000043       0x44 ./Core/Src/Registers.o
 .comment       0x0000000000000043       0x44 ./Core/Src/Watchdog_timer.o
 .comment       0x0000000000000043       0x44 ./Core/Src/main.o

.debug_info     0x0000000000000000     0x26d9
 .debug_info    0x0000000000000000      0x2c9 ./CMSIS/Src/system_stm32l0xx.o
 .debug_info    0x00000000000002c9      0xa6a ./Core/Src/Data_exchange_with_PKM.o
 .debug_info    0x0000000000000d33      0x799 ./Core/Src/Frequency_meter.o
 .debug_info    0x00000000000014cc      0xc1f ./Core/Src/Real_time_clock.o
 .debug_info    0x00000000000020eb      0x2d2 ./Core/Src/Registers.o
 .debug_info    0x00000000000023bd      0x126 ./Core/Src/Watchdog_timer.o
 .debug_info    0x00000000000024e3      0x1d3 ./Core/Src/main.o
 .debug_info    0x00000000000026b6       0x23 ./Startup/startup_stm32l053c8tx.o

.debug_abbrev   0x0000000000000000      0xae9
 .debug_abbrev  0x0000000000000000      0x11c ./CMSIS/Src/system_stm32l0xx.o
 .debug_abbrev  0x000000000000011c      0x2b0 ./Core/Src/Data_exchange_with_PKM.o
 .debug_abbrev  0x00000000000003cc      0x201 ./Core/Src/Frequency_meter.o
 .debug_abbrev  0x00000000000005cd      0x2e3 ./Core/Src/Real_time_clock.o
 .debug_abbrev  0x00000000000008b0       0xa0 ./Core/Src/Registers.o
 .debug_abbrev  0x0000000000000950       0xd2 ./Core/Src/Watchdog_timer.o
 .debug_abbrev  0x0000000000000a22       0xb5 ./Core/Src/main.o
 .debug_abbrev  0x0000000000000ad7       0x12 ./Startup/startup_stm32l053c8tx.o

.debug_aranges  0x0000000000000000      0x220
 .debug_aranges
                0x0000000000000000       0x28 ./CMSIS/Src/system_stm32l0xx.o
 .debug_aranges
                0x0000000000000028       0x58 ./Core/Src/Data_exchange_with_PKM.o
 .debug_aranges
                0x0000000000000080       0x68 ./Core/Src/Frequency_meter.o
 .debug_aranges
                0x00000000000000e8       0xb0 ./Core/Src/Real_time_clock.o
 .debug_aranges
                0x0000000000000198       0x18 ./Core/Src/Registers.o
 .debug_aranges
                0x00000000000001b0       0x28 ./Core/Src/Watchdog_timer.o
 .debug_aranges
                0x00000000000001d8       0x20 ./Core/Src/main.o
 .debug_aranges
                0x00000000000001f8       0x28 ./Startup/startup_stm32l053c8tx.o

.debug_rnglists
                0x0000000000000000      0x174
 .debug_rnglists
                0x0000000000000000       0x1a ./CMSIS/Src/system_stm32l0xx.o
 .debug_rnglists
                0x000000000000001a       0x40 ./Core/Src/Data_exchange_with_PKM.o
 .debug_rnglists
                0x000000000000005a       0x4c ./Core/Src/Frequency_meter.o
 .debug_rnglists
                0x00000000000000a6       0x89 ./Core/Src/Real_time_clock.o
 .debug_rnglists
                0x000000000000012f       0x19 ./Core/Src/Watchdog_timer.o
 .debug_rnglists
                0x0000000000000148       0x13 ./Core/Src/main.o
 .debug_rnglists
                0x000000000000015b       0x19 ./Startup/startup_stm32l053c8tx.o

.debug_macro    0x0000000000000000     0xcaca
 .debug_macro   0x0000000000000000       0xd6 ./CMSIS/Src/system_stm32l0xx.o
 .debug_macro   0x00000000000000d6      0xa84 ./CMSIS/Src/system_stm32l0xx.o
 .debug_macro   0x0000000000000b5a       0x2e ./CMSIS/Src/system_stm32l0xx.o
 .debug_macro   0x0000000000000b88       0x28 ./CMSIS/Src/system_stm32l0xx.o
 .debug_macro   0x0000000000000bb0       0x22 ./CMSIS/Src/system_stm32l0xx.o
 .debug_macro   0x0000000000000bd2       0x8e ./CMSIS/Src/system_stm32l0xx.o
 .debug_macro   0x0000000000000c60       0x51 ./CMSIS/Src/system_stm32l0xx.o
 .debug_macro   0x0000000000000cb1      0x103 ./CMSIS/Src/system_stm32l0xx.o
 .debug_macro   0x0000000000000db4       0x6a ./CMSIS/Src/system_stm32l0xx.o
 .debug_macro   0x0000000000000e1e      0x1df ./CMSIS/Src/system_stm32l0xx.o
 .debug_macro   0x0000000000000ffd       0x1c ./CMSIS/Src/system_stm32l0xx.o
 .debug_macro   0x0000000000001019       0x22 ./CMSIS/Src/system_stm32l0xx.o
 .debug_macro   0x000000000000103b       0xaf ./CMSIS/Src/system_stm32l0xx.o
 .debug_macro   0x00000000000010ea      0x4da ./CMSIS/Src/system_stm32l0xx.o
 .debug_macro   0x00000000000015c4      0x11f ./CMSIS/Src/system_stm32l0xx.o
 .debug_macro   0x00000000000016e3     0x9d22 ./CMSIS/Src/system_stm32l0xx.o
 .debug_macro   0x000000000000b405       0x66 ./CMSIS/Src/system_stm32l0xx.o
 .debug_macro   0x000000000000b46b      0x196 ./Core/Src/Data_exchange_with_PKM.o
 .debug_macro   0x000000000000b601       0x5b ./Core/Src/Data_exchange_with_PKM.o
 .debug_macro   0x000000000000b65c       0x24 ./Core/Src/Data_exchange_with_PKM.o
 .debug_macro   0x000000000000b680       0x94 ./Core/Src/Data_exchange_with_PKM.o
 .debug_macro   0x000000000000b714       0x43 ./Core/Src/Data_exchange_with_PKM.o
 .debug_macro   0x000000000000b757       0x34 ./Core/Src/Data_exchange_with_PKM.o
 .debug_macro   0x000000000000b78b      0x174 ./Core/Src/Data_exchange_with_PKM.o
 .debug_macro   0x000000000000b8ff       0x16 ./Core/Src/Data_exchange_with_PKM.o
 .debug_macro   0x000000000000b915       0x43 ./Core/Src/Data_exchange_with_PKM.o
 .debug_macro   0x000000000000b958       0x57 ./Core/Src/Data_exchange_with_PKM.o
 .debug_macro   0x000000000000b9af       0x34 ./Core/Src/Data_exchange_with_PKM.o
 .debug_macro   0x000000000000b9e3       0x10 ./Core/Src/Data_exchange_with_PKM.o
 .debug_macro   0x000000000000b9f3       0x58 ./Core/Src/Data_exchange_with_PKM.o
 .debug_macro   0x000000000000ba4b       0x8e ./Core/Src/Data_exchange_with_PKM.o
 .debug_macro   0x000000000000bad9       0x1c ./Core/Src/Data_exchange_with_PKM.o
 .debug_macro   0x000000000000baf5      0x177 ./Core/Src/Data_exchange_with_PKM.o
 .debug_macro   0x000000000000bc6c      0x369 ./Core/Src/Data_exchange_with_PKM.o
 .debug_macro   0x000000000000bfd5       0x10 ./Core/Src/Data_exchange_with_PKM.o
 .debug_macro   0x000000000000bfe5       0x35 ./Core/Src/Data_exchange_with_PKM.o
 .debug_macro   0x000000000000c01a       0x20 ./Core/Src/Data_exchange_with_PKM.o
 .debug_macro   0x000000000000c03a       0xc4 ./Core/Src/Frequency_meter.o
 .debug_macro   0x000000000000c0fe       0x16 ./Core/Src/Frequency_meter.o
 .debug_macro   0x000000000000c114      0x275 ./Core/Src/Real_time_clock.o
 .debug_macro   0x000000000000c389       0x61 ./Core/Src/Real_time_clock.o
 .debug_macro   0x000000000000c3ea       0x10 ./Core/Src/Real_time_clock.o
 .debug_macro   0x000000000000c3fa       0x10 ./Core/Src/Real_time_clock.o
 .debug_macro   0x000000000000c40a       0x10 ./Core/Src/Real_time_clock.o
 .debug_macro   0x000000000000c41a       0x10 ./Core/Src/Real_time_clock.o
 .debug_macro   0x000000000000c42a       0x1c ./Core/Src/Real_time_clock.o
 .debug_macro   0x000000000000c446       0x52 ./Core/Src/Real_time_clock.o
 .debug_macro   0x000000000000c498       0x22 ./Core/Src/Real_time_clock.o
 .debug_macro   0x000000000000c4ba       0x10 ./Core/Src/Real_time_clock.o
 .debug_macro   0x000000000000c4ca       0x52 ./Core/Src/Real_time_clock.o
 .debug_macro   0x000000000000c51c       0xcf ./Core/Src/Real_time_clock.o
 .debug_macro   0x000000000000c5eb       0x1c ./Core/Src/Real_time_clock.o
 .debug_macro   0x000000000000c607       0x3d ./Core/Src/Real_time_clock.o
 .debug_macro   0x000000000000c644       0x35 ./Core/Src/Real_time_clock.o
 .debug_macro   0x000000000000c679       0x1c ./Core/Src/Real_time_clock.o
 .debug_macro   0x000000000000c695       0x10 ./Core/Src/Real_time_clock.o
 .debug_macro   0x000000000000c6a5       0xbf ./Core/Src/Registers.o
 .debug_macro   0x000000000000c764       0xdd ./Core/Src/Watchdog_timer.o
 .debug_macro   0x000000000000c841      0x273 ./Core/Src/main.o
 .debug_macro   0x000000000000cab4       0x16 ./Core/Src/main.o

.debug_line     0x0000000000000000     0x388f
 .debug_line    0x0000000000000000      0x5ad ./CMSIS/Src/system_stm32l0xx.o
 .debug_line    0x00000000000005ad      0xa12 ./Core/Src/Data_exchange_with_PKM.o
 .debug_line    0x0000000000000fbf      0x812 ./Core/Src/Frequency_meter.o
 .debug_line    0x00000000000017d1      0xdfd ./Core/Src/Real_time_clock.o
 .debug_line    0x00000000000025ce      0x515 ./Core/Src/Registers.o
 .debug_line    0x0000000000002ae3      0x58c ./Core/Src/Watchdog_timer.o
 .debug_line    0x000000000000306f      0x7a5 ./Core/Src/main.o
 .debug_line    0x0000000000003814       0x7b ./Startup/startup_stm32l053c8tx.o

.debug_str      0x0000000000000000    0x41a68
 .debug_str     0x0000000000000000    0x3d0ce ./CMSIS/Src/system_stm32l0xx.o
                                      0x3d2b6 (size before relaxing)
 .debug_str     0x000000000003d0ce     0x38d5 ./Core/Src/Data_exchange_with_PKM.o
                                      0x40655 (size before relaxing)
 .debug_str     0x00000000000409a3      0x170 ./Core/Src/Frequency_meter.o
                                      0x3d076 (size before relaxing)
 .debug_str     0x0000000000040b13      0xe4a ./Core/Src/Real_time_clock.o
                                      0x412d6 (size before relaxing)
 .debug_str     0x000000000004195d       0x18 ./Core/Src/Registers.o
                                      0x3cd50 (size before relaxing)
 .debug_str     0x0000000000041975       0xa3 ./Core/Src/Watchdog_timer.o
                                      0x3cc89 (size before relaxing)
 .debug_str     0x0000000000041a18       0x21 ./Core/Src/main.o
                                      0x40c32 (size before relaxing)
 .debug_str     0x0000000000041a39       0x2f ./Startup/startup_stm32l053c8tx.o
                                         0x70 (size before relaxing)

.debug_frame    0x0000000000000000      0x82c
 .debug_frame   0x0000000000000000       0x4c ./CMSIS/Src/system_stm32l0xx.o
 .debug_frame   0x000000000000004c      0x100 ./Core/Src/Data_exchange_with_PKM.o
 .debug_frame   0x000000000000014c      0x140 ./Core/Src/Frequency_meter.o
 .debug_frame   0x000000000000028c      0x24c ./Core/Src/Real_time_clock.o
 .debug_frame   0x00000000000004d8       0x4c ./Core/Src/Watchdog_timer.o
 .debug_frame   0x0000000000000524       0x2c ./Core/Src/main.o
 .debug_frame   0x0000000000000550       0x20 C:/ST/STM32CubeIDE_1.11.0/STM32CubeIDE/plugins/com.st.stm32cube.ide.mcu.externaltools.gnu-tools-for-stm32.11.3.rel1.win32_1.1.100.202309141235/tools/bin/../lib/gcc/arm-none-eabi/11.3.1/../../../../arm-none-eabi/lib/thumb/v6-m/nofp\libc_nano.a(libc_a-memset.o)
 .debug_frame   0x0000000000000570       0x2c C:/ST/STM32CubeIDE_1.11.0/STM32CubeIDE/plugins/com.st.stm32cube.ide.mcu.externaltools.gnu-tools-for-stm32.11.3.rel1.win32_1.1.100.202309141235/tools/bin/../lib/gcc/arm-none-eabi/11.3.1/../../../../arm-none-eabi/lib/thumb/v6-m/nofp\libc_nano.a(libc_a-init.o)
 .debug_frame   0x000000000000059c       0x20 C:/ST/STM32CubeIDE_1.11.0/STM32CubeIDE/plugins/com.st.stm32cube.ide.mcu.externaltools.gnu-tools-for-stm32.11.3.rel1.win32_1.1.100.202309141235/tools/bin/../lib/gcc/arm-none-eabi/11.3.1/thumb/v6-m/nofp\libgcc.a(_udivsi3.o)
 .debug_frame   0x00000000000005bc       0x28 C:/ST/STM32CubeIDE_1.11.0/STM32CubeIDE/plugins/com.st.stm32cube.ide.mcu.externaltools.gnu-tools-for-stm32.11.3.rel1.win32_1.1.100.202309141235/tools/bin/../lib/gcc/arm-none-eabi/11.3.1/thumb/v6-m/nofp\libgcc.a(_fixunssfsi.o)
 .debug_frame   0x00000000000005e4       0x38 C:/ST/STM32CubeIDE_1.11.0/STM32CubeIDE/plugins/com.st.stm32cube.ide.mcu.externaltools.gnu-tools-for-stm32.11.3.rel1.win32_1.1.100.202309141235/tools/bin/../lib/gcc/arm-none-eabi/11.3.1/thumb/v6-m/nofp\libgcc.a(divsf3.o)
 .debug_frame   0x000000000000061c       0x38 C:/ST/STM32CubeIDE_1.11.0/STM32CubeIDE/plugins/com.st.stm32cube.ide.mcu.externaltools.gnu-tools-for-stm32.11.3.rel1.win32_1.1.100.202309141235/tools/bin/../lib/gcc/arm-none-eabi/11.3.1/thumb/v6-m/nofp\libgcc.a(mulsf3.o)
 .debug_frame   0x0000000000000654       0x34 C:/ST/STM32CubeIDE_1.11.0/STM32CubeIDE/plugins/com.st.stm32cube.ide.mcu.externaltools.gnu-tools-for-stm32.11.3.rel1.win32_1.1.100.202309141235/tools/bin/../lib/gcc/arm-none-eabi/11.3.1/thumb/v6-m/nofp\libgcc.a(subsf3.o)
 .debug_frame   0x0000000000000688       0x20 C:/ST/STM32CubeIDE_1.11.0/STM32CubeIDE/plugins/com.st.stm32cube.ide.mcu.externaltools.gnu-tools-for-stm32.11.3.rel1.win32_1.1.100.202309141235/tools/bin/../lib/gcc/arm-none-eabi/11.3.1/thumb/v6-m/nofp\libgcc.a(fixsfsi.o)
 .debug_frame   0x00000000000006a8       0x2c C:/ST/STM32CubeIDE_1.11.0/STM32CubeIDE/plugins/com.st.stm32cube.ide.mcu.externaltools.gnu-tools-for-stm32.11.3.rel1.win32_1.1.100.202309141235/tools/bin/../lib/gcc/arm-none-eabi/11.3.1/thumb/v6-m/nofp\libgcc.a(floatunsisf.o)
 .debug_frame   0x00000000000006d4       0x3c C:/ST/STM32CubeIDE_1.11.0/STM32CubeIDE/plugins/com.st.stm32cube.ide.mcu.externaltools.gnu-tools-for-stm32.11.3.rel1.win32_1.1.100.202309141235/tools/bin/../lib/gcc/arm-none-eabi/11.3.1/thumb/v6-m/nofp\libgcc.a(divdf3.o)
 .debug_frame   0x0000000000000710       0x3c C:/ST/STM32CubeIDE_1.11.0/STM32CubeIDE/plugins/com.st.stm32cube.ide.mcu.externaltools.gnu-tools-for-stm32.11.3.rel1.win32_1.1.100.202309141235/tools/bin/../lib/gcc/arm-none-eabi/11.3.1/thumb/v6-m/nofp\libgcc.a(muldf3.o)
 .debug_frame   0x000000000000074c       0x2c C:/ST/STM32CubeIDE_1.11.0/STM32CubeIDE/plugins/com.st.stm32cube.ide.mcu.externaltools.gnu-tools-for-stm32.11.3.rel1.win32_1.1.100.202309141235/tools/bin/../lib/gcc/arm-none-eabi/11.3.1/thumb/v6-m/nofp\libgcc.a(floatsidf.o)
 .debug_frame   0x0000000000000778       0x30 C:/ST/STM32CubeIDE_1.11.0/STM32CubeIDE/plugins/com.st.stm32cube.ide.mcu.externaltools.gnu-tools-for-stm32.11.3.rel1.win32_1.1.100.202309141235/tools/bin/../lib/gcc/arm-none-eabi/11.3.1/thumb/v6-m/nofp\libgcc.a(truncdfsf2.o)
 .debug_frame   0x00000000000007a8       0x2c C:/ST/STM32CubeIDE_1.11.0/STM32CubeIDE/plugins/com.st.stm32cube.ide.mcu.externaltools.gnu-tools-for-stm32.11.3.rel1.win32_1.1.100.202309141235/tools/bin/../lib/gcc/arm-none-eabi/11.3.1/thumb/v6-m/nofp\libgcc.a(eqsf2.o)
 .debug_frame   0x00000000000007d4       0x2c C:/ST/STM32CubeIDE_1.11.0/STM32CubeIDE/plugins/com.st.stm32cube.ide.mcu.externaltools.gnu-tools-for-stm32.11.3.rel1.win32_1.1.100.202309141235/tools/bin/../lib/gcc/arm-none-eabi/11.3.1/thumb/v6-m/nofp\libgcc.a(gesf2.o)
 .debug_frame   0x0000000000000800       0x2c C:/ST/STM32CubeIDE_1.11.0/STM32CubeIDE/plugins/com.st.stm32cube.ide.mcu.externaltools.gnu-tools-for-stm32.11.3.rel1.win32_1.1.100.202309141235/tools/bin/../lib/gcc/arm-none-eabi/11.3.1/thumb/v6-m/nofp\libgcc.a(lesf2.o)

.debug_line_str
                0x0000000000000000       0x64
 .debug_line_str
                0x0000000000000000       0x64 ./Startup/startup_stm32l053c8tx.o
                                         0x7c (size before relaxing)
