C:/Users/vv.stepanishin/Desktop/Current-Measurement-Module/CMSIS/Inc/core_cm0plus.h:741:22:__NVIC_EnableIRQ	16	static
C:/Users/vv.stepanishin/Desktop/Current-Measurement-Module/CMSIS/Inc/core_cm0plus.h:830:22:__NVIC_ClearPendingIRQ	16	static
C:/Users/vv.stepanishin/Desktop/Current-Measurement-Module/CMSIS/Inc/core_cm0plus.h:848:22:__NVIC_SetPriority	24	static
../Core/Src/Real_time_clock.c:21:13:LSI_Enable	8	static
../Core/Src/Real_time_clock.c:28:13:RTC_Init_Mode_Enter	8	static
../Core/Src/Real_time_clock.c:40:13:RTC_Init_Mode_Exit	8	static
../Core/Src/Real_time_clock.c:51:13:RTC_Calibrate	24	static
../Core/Src/Real_time_clock.c:65:13:RTC_Set_WakeUp_Timer	24	static
../Core/Src/Real_time_clock.c:92:13:RTC_Set_Alarm_A	8	static
../Core/Src/Real_time_clock.c:122:13:RTC_Set_Alarm_B	8	static
../Core/Src/Real_time_clock.c:146:6:RTC_Get_Time	16	static
../Core/Src/Real_time_clock.c:157:6:RTC_Set_Time	24	static
../Core/Src/Real_time_clock.c:179:6:RTC_Get_UNIXTIME	64	static
../Core/Src/Real_time_clock.c:195:6:RTC_Set_UNIXTIME	72	static
../Core/Src/Real_time_clock.c:230:6:RTC_Enable	8	static
../Core/Src/Real_time_clock.c:260:13:WakeUp_Handler	8	static
../Core/Src/Real_time_clock.c:265:13:Alarm_A_Handler	8	static
../Core/Src/Real_time_clock.c:272:13:Alarm_B_Handler	8	static
../Core/Src/Real_time_clock.c:278:6:RTC_IRQHandler	8	static
